Note: TS.java uses or overrides a deprecated API.
Note: Recompile with -Xlint:deprecation for details.
Note: TS.java uses or overrides a deprecated API.
Note: Recompile with -Xlint:deprecation for details.
